HW_Init.cpp:92:6:void MX_LCD_Init()	80	static
HW_Init.cpp:148:6:void MX_FMC_Init()	56	static
HW_Init.cpp:200:6:void MX_SDRAM_InitEx()	32	static
HW_Init.cpp:256:6:void MX_DMA2D_Init()	8	static
HW_Init.cpp:282:6:void HAL_LTDC_MspInit(LTDC_HandleTypeDef*)	64	static
HW_Init.cpp:376:6:void HAL_LTDC_MspDeInit(LTDC_HandleTypeDef*)	8	static
HW_Init.cpp:547:6:void HAL_SDRAM_MspInit(SDRAM_HandleTypeDef*)	48	static
HW_Init.cpp:633:6:void HAL_SDRAM_MspDeInit(SDRAM_HandleTypeDef*)	8	static
HW_Init.cpp:643:6:void HAL_DMA2D_MspInit(DMA2D_HandleTypeDef*)	16	static
HW_Init.cpp:662:6:void HAL_DMA2D_MspDeInit(DMA2D_HandleTypeDef*)	0	static
