stm32f7xx_it.c:78:6:NMI_Handler	4	static
stm32f7xx_it.c:91:6:HardFault_Handler	4	static
stm32f7xx_it.c:106:6:MemManage_Handler	4	static
stm32f7xx_it.c:121:6:BusFault_Handler	4	static
stm32f7xx_it.c:136:6:UsageFault_Handler	4	static
stm32f7xx_it.c:151:6:DebugMon_Handler	4	static
stm32f7xx_it.c:171:6:TIM6_DAC_IRQHandler	8	static
stm32f7xx_it.c:185:6:OTG_FS_IRQHandler	8	static
stm32f7xx_it.c:200:6:USART1_IRQHandler	8	static
stm32f7xx_it.c:204:6:USART6_IRQHandler	8	static
stm32f7xx_it.c:218:6:LTDC_IRQHandler	8	static
stm32f7xx_it.c:232:6:DMA2D_IRQHandler	8	static
