TouchGFXInit.hpp:42:14:void __tcf_1()	0	static
Partition.hpp:94:22:uint16_t touchgfx::Partition<ListOfTypes, NUMBER_OF_ELEMENTS>::capacity() const [with ListOfTypes = touchgfx::meta::TypeList<touchgfx::SlideTransition<(touchgfx::Direction)3>, touchgfx::meta::TypeList<touchgfx::meta::Nil, touchgfx::meta::Nil> >; short unsigned int NUMBER_OF_ELEMENTS = 1]	0	static
Partition.hpp:110:22:uint32_t touchgfx::Partition<ListOfTypes, NUMBER_OF_ELEMENTS>::element_size() [with ListOfTypes = touchgfx::meta::TypeList<touchgfx::SlideTransition<(touchgfx::Direction)3>, touchgfx::meta::TypeList<touchgfx::meta::Nil, touchgfx::meta::Nil> >; short unsigned int NUMBER_OF_ELEMENTS = 1]	0	static
Partition.hpp:128:19:void* touchgfx::Partition<ListOfTypes, NUMBER_OF_ELEMENTS>::element(uint16_t) [with ListOfTypes = touchgfx::meta::TypeList<touchgfx::SlideTransition<(touchgfx::Direction)3>, touchgfx::meta::TypeList<touchgfx::meta::Nil, touchgfx::meta::Nil> >; short unsigned int NUMBER_OF_ELEMENTS = 1]	0	static
Partition.hpp:144:25:const void* touchgfx::Partition<ListOfTypes, NUMBER_OF_ELEMENTS>::element(uint16_t) const [with ListOfTypes = touchgfx::meta::TypeList<touchgfx::SlideTransition<(touchgfx::Direction)3>, touchgfx::meta::TypeList<touchgfx::meta::Nil, touchgfx::meta::Nil> >; short unsigned int NUMBER_OF_ELEMENTS = 1]	0	static
Partition.hpp:94:22:uint16_t touchgfx::Partition<ListOfTypes, NUMBER_OF_ELEMENTS>::capacity() const [with ListOfTypes = touchgfx::meta::TypeList<MainView, touchgfx::meta::TypeList<touchgfx::meta::Nil, touchgfx::meta::Nil> >; short unsigned int NUMBER_OF_ELEMENTS = 1]	0	static
Partition.hpp:110:22:uint32_t touchgfx::Partition<ListOfTypes, NUMBER_OF_ELEMENTS>::element_size() [with ListOfTypes = touchgfx::meta::TypeList<MainView, touchgfx::meta::TypeList<touchgfx::meta::Nil, touchgfx::meta::Nil> >; short unsigned int NUMBER_OF_ELEMENTS = 1]	0	static
Partition.hpp:128:19:void* touchgfx::Partition<ListOfTypes, NUMBER_OF_ELEMENTS>::element(uint16_t) [with ListOfTypes = touchgfx::meta::TypeList<MainView, touchgfx::meta::TypeList<touchgfx::meta::Nil, touchgfx::meta::Nil> >; short unsigned int NUMBER_OF_ELEMENTS = 1]	0	static
Partition.hpp:144:25:const void* touchgfx::Partition<ListOfTypes, NUMBER_OF_ELEMENTS>::element(uint16_t) const [with ListOfTypes = touchgfx::meta::TypeList<MainView, touchgfx::meta::TypeList<touchgfx::meta::Nil, touchgfx::meta::Nil> >; short unsigned int NUMBER_OF_ELEMENTS = 1]	0	static
Partition.hpp:94:22:uint16_t touchgfx::Partition<ListOfTypes, NUMBER_OF_ELEMENTS>::capacity() const [with ListOfTypes = touchgfx::meta::TypeList<SreenPidSetupPresenter, touchgfx::meta::TypeList<touchgfx::meta::Nil, touchgfx::meta::Nil> >; short unsigned int NUMBER_OF_ELEMENTS = 1]	0	static
Partition.hpp:110:22:uint32_t touchgfx::Partition<ListOfTypes, NUMBER_OF_ELEMENTS>::element_size() [with ListOfTypes = touchgfx::meta::TypeList<SreenPidSetupPresenter, touchgfx::meta::TypeList<touchgfx::meta::Nil, touchgfx::meta::Nil> >; short unsigned int NUMBER_OF_ELEMENTS = 1]	0	static
Partition.hpp:128:19:void* touchgfx::Partition<ListOfTypes, NUMBER_OF_ELEMENTS>::element(uint16_t) [with ListOfTypes = touchgfx::meta::TypeList<SreenPidSetupPresenter, touchgfx::meta::TypeList<touchgfx::meta::Nil, touchgfx::meta::Nil> >; short unsigned int NUMBER_OF_ELEMENTS = 1]	0	static
Partition.hpp:144:25:const void* touchgfx::Partition<ListOfTypes, NUMBER_OF_ELEMENTS>::element(uint16_t) const [with ListOfTypes = touchgfx::meta::TypeList<SreenPidSetupPresenter, touchgfx::meta::TypeList<touchgfx::meta::Nil, touchgfx::meta::Nil> >; short unsigned int NUMBER_OF_ELEMENTS = 1]	0	static
HAL.hpp:723:18:virtual void touchgfx::HAL::setFrameBufferStartAddress(void*, uint16_t, bool, bool)	16	static
FrontendHeapBase.hpp:82:18:virtual void FrontendHeapBase::gotoStartScreen(FrontendApplication&)	0	static
Partition.hpp:79:13:touchgfx::Partition<ListOfTypes, NUMBER_OF_ELEMENTS>::~Partition() [with ListOfTypes = touchgfx::meta::TypeList<touchgfx::SlideTransition<(touchgfx::Direction)3>, touchgfx::meta::TypeList<touchgfx::meta::Nil, touchgfx::meta::Nil> >; short unsigned int NUMBER_OF_ELEMENTS = 1]	8	static
Partition.hpp:79:13:touchgfx::Partition<ListOfTypes, NUMBER_OF_ELEMENTS>::~Partition() [with ListOfTypes = touchgfx::meta::TypeList<touchgfx::SlideTransition<(touchgfx::Direction)3>, touchgfx::meta::TypeList<touchgfx::meta::Nil, touchgfx::meta::Nil> >; short unsigned int NUMBER_OF_ELEMENTS = 1]	8	static
Partition.hpp:79:13:touchgfx::Partition<ListOfTypes, NUMBER_OF_ELEMENTS>::~Partition() [with ListOfTypes = touchgfx::meta::TypeList<MainView, touchgfx::meta::TypeList<touchgfx::meta::Nil, touchgfx::meta::Nil> >; short unsigned int NUMBER_OF_ELEMENTS = 1]	8	static
Partition.hpp:79:13:touchgfx::Partition<ListOfTypes, NUMBER_OF_ELEMENTS>::~Partition() [with ListOfTypes = touchgfx::meta::TypeList<MainView, touchgfx::meta::TypeList<touchgfx::meta::Nil, touchgfx::meta::Nil> >; short unsigned int NUMBER_OF_ELEMENTS = 1]	8	static
Partition.hpp:79:13:touchgfx::Partition<ListOfTypes, NUMBER_OF_ELEMENTS>::~Partition() [with ListOfTypes = touchgfx::meta::TypeList<SreenPidSetupPresenter, touchgfx::meta::TypeList<touchgfx::meta::Nil, touchgfx::meta::Nil> >; short unsigned int NUMBER_OF_ELEMENTS = 1]	8	static
Partition.hpp:79:13:touchgfx::Partition<ListOfTypes, NUMBER_OF_ELEMENTS>::~Partition() [with ListOfTypes = touchgfx::meta::TypeList<SreenPidSetupPresenter, touchgfx::meta::TypeList<touchgfx::meta::Nil, touchgfx::meta::Nil> >; short unsigned int NUMBER_OF_ELEMENTS = 1]	8	static
FrontendHeap.hpp:6:7:FrontendHeap::~FrontendHeap()	8	static
FrontendHeap.hpp:56:29:void __tcf_0()	8	static
FrontendHeap.hpp:6:7:virtual FrontendHeap::~FrontendHeap()	8	static
BoardConfiguration.cpp:61:10:uint32_t LCD_GetXSize()	0	static
BoardConfiguration.cpp:66:10:uint32_t LCD_GetYSize()	0	static
BoardConfiguration.cpp:72:6:void GRAPHICS_HW_Init()	8	static
BoardConfiguration.cpp:97:6:void touchgfx::touchgfx_init()	48	static
BoardConfiguration.cpp:125:6:void GRAPHICS_Init()	0	static
BoardConfiguration.cpp:130:6:void GRAPHICS_MainTask()	0	static
BoardConfiguration.cpp:133:1:cpp)	8	static
BoardConfiguration.cpp:133:1:cpp)	0	static
